Archive member included to satisfy reference by file (symbol)

d:/qmk_msys/mingw64/bin/../lib/gcc/avr/8.4.0/../../../../avr/lib/avr5\libm.a(fixunssfsi.o)
                              .build/obj_charles_4key_default/protocol/host.o (__fixunssfsi)
d:/qmk_msys/mingw64/bin/../lib/gcc/avr/8.4.0/../../../../avr/lib/avr5\libm.a(fp_split3.o)
                              d:/qmk_msys/mingw64/bin/../lib/gcc/avr/8.4.0/../../../../avr/lib/avr5\libm.a(fixunssfsi.o) (__fp_splitA)
d:/qmk_msys/mingw64/bin/../lib/gcc/avr/8.4.0/../../../../avr/lib/avr5\libm.a(fp_zero.o)
                              d:/qmk_msys/mingw64/bin/../lib/gcc/avr/8.4.0/../../../../avr/lib/avr5\libm.a(fixunssfsi.o) (__fp_zero)
d:/qmk_msys/mingw64/bin/../lib/gcc/avr/8.4.0/../../../../avr/lib/avr5\libm.a(mulsf3.o)
                              .build/obj_charles_4key_default/protocol/host.o (__mulsf3)
d:/qmk_msys/mingw64/bin/../lib/gcc/avr/8.4.0/../../../../avr/lib/avr5\libm.a(mulsf3x.o)
                              d:/qmk_msys/mingw64/bin/../lib/gcc/avr/8.4.0/../../../../avr/lib/avr5\libm.a(mulsf3.o) (__mulsf3x)
d:/qmk_msys/mingw64/bin/../lib/gcc/avr/8.4.0/../../../../avr/lib/avr5\libm.a(fp_inf.o)
                              d:/qmk_msys/mingw64/bin/../lib/gcc/avr/8.4.0/../../../../avr/lib/avr5\libm.a(mulsf3x.o) (__fp_inf)
d:/qmk_msys/mingw64/bin/../lib/gcc/avr/8.4.0/../../../../avr/lib/avr5\libm.a(fp_nan.o)
                              d:/qmk_msys/mingw64/bin/../lib/gcc/avr/8.4.0/../../../../avr/lib/avr5\libm.a(mulsf3x.o) (__fp_nan)
d:/qmk_msys/mingw64/bin/../lib/gcc/avr/8.4.0/../../../../avr/lib/avr5\libm.a(fp_pscA.o)
                              d:/qmk_msys/mingw64/bin/../lib/gcc/avr/8.4.0/../../../../avr/lib/avr5\libm.a(mulsf3x.o) (__fp_pscA)
d:/qmk_msys/mingw64/bin/../lib/gcc/avr/8.4.0/../../../../avr/lib/avr5\libm.a(fp_pscB.o)
                              d:/qmk_msys/mingw64/bin/../lib/gcc/avr/8.4.0/../../../../avr/lib/avr5\libm.a(mulsf3x.o) (__fp_pscB)
d:/qmk_msys/mingw64/bin/../lib/gcc/avr/8.4.0/../../../../avr/lib/avr5\libm.a(fp_round.o)
                              d:/qmk_msys/mingw64/bin/../lib/gcc/avr/8.4.0/../../../../avr/lib/avr5\libm.a(mulsf3.o) (__fp_round)
d:/qmk_msys/mingw64/bin/../lib/gcc/avr/8.4.0/avr5\libgcc.a(_divmodhi4.o)
                              .build/obj_charles_4key_default/quantum/mousekey.o (__divmodhi4)
d:/qmk_msys/mingw64/bin/../lib/gcc/avr/8.4.0/avr5\libgcc.a(_udivmodsi4.o)
                              .build/obj_charles_4key_default/quantum/quantum.o (__udivmodsi4)
d:/qmk_msys/mingw64/bin/../lib/gcc/avr/8.4.0/avr5\libgcc.a(_exit.o)
                              d:/qmk_msys/mingw64/bin/../lib/gcc/avr/8.4.0/../../../../avr/lib/avr5/crtatmega32u4.o (exit)
d:/qmk_msys/mingw64/bin/../lib/gcc/avr/8.4.0/avr5\libgcc.a(_tablejump2.o)
                              .build/obj_charles_4key_default/quantum/action.o (__tablejump2__)
d:/qmk_msys/mingw64/bin/../lib/gcc/avr/8.4.0/avr5\libgcc.a(_copy_data.o)
                              .build/obj_charles_4key_default/quantum/quantum.o (__do_copy_data)
d:/qmk_msys/mingw64/bin/../lib/gcc/avr/8.4.0/avr5\libgcc.a(_clear_bss.o)
                              .build/obj_charles_4key_default/quantum/quantum.o (__do_clear_bss)
d:/qmk_msys/mingw64/bin/../lib/gcc/avr/8.4.0/avr5\libgcc.a(_bswapsi2.o)
                              .build/obj_charles_4key_default/quantum/via.o (__bswapsi2)
d:/qmk_msys/mingw64/bin/../lib/gcc/avr/8.4.0/avr5\libgcc.a(_udivmodhi4.o)
                              d:/qmk_msys/mingw64/bin/../lib/gcc/avr/8.4.0/avr5\libgcc.a(_divmodhi4.o) (__udivmodhi4)
d:/qmk_msys/mingw64/bin/../lib/gcc/avr/8.4.0/../../../../avr/lib/avr5\libc.a(memcmp.o)
                              .build/obj_charles_4key_default/quantum/action_util.o (memcmp)
d:/qmk_msys/mingw64/bin/../lib/gcc/avr/8.4.0/../../../../avr/lib/avr5\libatmega32u4.a(eerd_byte.o)
                              .build/obj_charles_4key_default/quantum/eeconfig.o (eeprom_read_byte)
d:/qmk_msys/mingw64/bin/../lib/gcc/avr/8.4.0/../../../../avr/lib/avr5\libatmega32u4.a(eerd_dword.o)
                              .build/obj_charles_4key_default/quantum/eeconfig.o (eeprom_read_dword)
d:/qmk_msys/mingw64/bin/../lib/gcc/avr/8.4.0/../../../../avr/lib/avr5\libatmega32u4.a(eerd_word.o)
                              .build/obj_charles_4key_default/quantum/eeconfig.o (eeprom_read_word)
d:/qmk_msys/mingw64/bin/../lib/gcc/avr/8.4.0/../../../../avr/lib/avr5\libatmega32u4.a(eeupd_byte.o)
                              .build/obj_charles_4key_default/quantum/eeconfig.o (eeprom_update_byte)
d:/qmk_msys/mingw64/bin/../lib/gcc/avr/8.4.0/../../../../avr/lib/avr5\libatmega32u4.a(eeupd_dword.o)
                              .build/obj_charles_4key_default/quantum/eeconfig.o (eeprom_update_dword)
d:/qmk_msys/mingw64/bin/../lib/gcc/avr/8.4.0/../../../../avr/lib/avr5\libatmega32u4.a(eeupd_word.o)
[...]
Memory Configuration

Name             Origin             Length             Attributes
text             0x0000000000000000 0x0000000000020000 xr
data             0x0000000000800060 0x000000000000ffa0 rw !x
eeprom           0x0000000000810000 0x0000000000010000 rw !x
fuse             0x0000000000820000 0x0000000000000400 rw !x
lock             0x0000000000830000 0x0000000000000400 rw !x
signature        0x0000000000840000 0x0000000000000400 rw !x
user_signatures  0x0000000000850000 0x0000000000000400 rw !x
*default*        0x0000000000000000 0xffffffffffffffff

Linker script and memory map

Address of section .data set to 0x800100
LOAD d:/qmk_msys/mingw64/bin/../lib/gcc/avr/8.4.0/../../../../avr/lib/avr5/crtatmega32u4.o
LOAD .build/obj_charles_4key_default/keyboards/charles_4key/charles_4key.o
LOAD .build/obj_charles_4key_default/keyboards/charles_4key/keymaps/default/keymap.o
LOAD .build/obj_charles_4key_default/quantum/quantum.o
LOAD .build/obj_charles_4key_default/quantum/send_string.o
LOAD .build/obj_charles_4key_default/quantum/bitwise.o
LOAD .build/obj_charles_4key_default/quantum/led.o
LOAD .build/obj_charles_4key_default/quantum/action.o
LOAD .build/obj_charles_4key_default/quantum/action_layer.o
LOAD .build/obj_charles_4key_default/quantum/action_tapping.o
LOAD .build/obj_charles_4key_default/quantum/action_util.o
LOAD .build/obj_charles_4key_default/quantum/eeconfig.o
LOAD .build/obj_charles_4key_default/quantum/keyboard.o
LOAD .build/obj_charles_4key_default/quantum/keymap_common.o
LOAD .build/obj_charles_4key_default/quantum/keycode_config.o
LOAD .build/obj_charles_4key_default/quantum/sync_timer.o
LOAD .build/obj_charles_4key_default/quantum/logging/debug.o
LOAD .build/obj_charles_4key_default/quantum/logging/sendchar.o
LOAD .build/obj_charles_4key_default/quantum/bootmagic/bootmagic_lite.o
LOAD .build/obj_charles_4key_default/quantum/bootmagic/magic.o
LOAD .build/obj_charles_4key_default/quantum/matrix_common.o
LOAD .build/obj_charles_4key_default/quantum/matrix.o
LOAD .build/obj_charles_4key_default/quantum/debounce/sym_defer_g.o
LOAD .build/obj_charles_4key_default/quantum/main.o
LOAD .build/obj_charles_4key_default/quantum/mousekey.o
LOAD .build/obj_charles_4key_default/quantum/via.o
LOAD .build/obj_charles_4key_default/quantum/process_keycode/process_magic.o
LOAD .build/obj_charles_4key_default/quantum/dynamic_keymap.o
LOAD .build/obj_charles_4key_default/quantum/process_keycode/process_grave_esc.o
LOAD .build/obj_charles_4key_default/quantum/process_keycode/process_space_cadet.o
LOAD .build/obj_charles_4key_default/platforms/avr/xprintf.o
LOAD .build/obj_charles_4key_default/platforms/avr/printf.o
LOAD .build/obj_charles_4key_default/protocol/host.o
LOAD .build/obj_charles_4key_default/protocol/report.o
LOAD .build/obj_charles_4key_default/protocol/usb_device_state.o
LOAD .build/obj_charles_4key_default/protocol/usb_util.o
LOAD .build/obj_charles_4key_default/platforms/suspend.o
LOAD .build/obj_charles_4key_default/platforms/avr/platform.o
LOAD .build/obj_charles_4key_default/platforms/avr/suspend.o
LOAD .build/obj_charles_4key_default/platforms/avr/timer.o
LOAD .build/obj_charles_4key_default/platforms/avr/bootloaders/dfu.o
LOAD .build/obj_charles_4key_default/lufa.o
LOAD .build/obj_charles_4key_default/usb_descriptor.o
LOAD .build/obj_charles_4key_default/lib/lufa/LUFA/Drivers/USB/Class/Common/HIDParser.o
LOAD .build/obj_charles_4key_default/lib/lufa/LUFA/Drivers/USB/Core/AVR8/Device_AVR8.o
LOAD .build/obj_charles_4key_default/lib/lufa/LUFA/Drivers/USB/Core/AVR8/EndpointStream_AVR8.o
LOAD .build/obj_charles_4key_default/lib/lufa/LUFA/Drivers/USB/Core/AVR8/Endpoint_AVR8.o
LOAD .build/obj_charles_4key_default/lib/lufa/LUFA/Drivers/USB/Core/AVR8/Host_AVR8.o
LOAD .build/obj_charles_4key_default/lib/lufa/LUFA/Drivers/USB/Core/AVR8/PipeStream_AVR8.o
LOAD .build/obj_charles_4key_default/lib/lufa/LUFA/Drivers/USB/Core/AVR8/Pipe_AVR8.o
LOAD .build/obj_charles_4key_default/lib/lufa/LUFA/Drivers/USB/Core/AVR8/USBController_AVR8.o
LOAD .build/obj_charles_4key_default/lib/lufa/LUFA/Drivers/USB/Core/AVR8/USBInterrupt_AVR8.o
LOAD .build/obj_charles_4key_default/lib/lufa/LUFA/Drivers/USB/Core/ConfigDescriptors.o
LOAD .build/obj_charles_4key_default/lib/lufa/LUFA/Drivers/USB/Core/DeviceStandardReq.o
LOAD .build/obj_charles_4key_default/lib/lufa/LUFA/Drivers/USB/Core/Events.o
LOAD .build/obj_charles_4key_default/lib/lufa/LUFA/Drivers/USB/Core/HostStandardReq.o
LOAD .build/obj_charles_4key_default/lib/lufa/LUFA/Drivers/USB/Core/USBTask.o
LOAD .build/obj_charles_4key_default/protocol/lufa/usb_util.o
LOAD d:/qmk_msys/mingw64/bin/../lib/gcc/avr/8.4.0/../../../../avr/lib/avr5\libm.a
START GROUP
LOAD d:/qmk_msys/mingw64/bin/../lib/gcc/avr/8.4.0/avr5\libgcc.a
LOAD d:/qmk_msys/mingw64/bin/../lib/gcc/avr/8.4.0/../../../../avr/lib/avr5\libm.a
LOAD d:/qmk_msys/mingw64/bin/../lib/gcc/avr/8.4.0/../../../../avr/lib/avr5\libc.a
LOAD d:/qmk_msys/mingw64/bin/../lib/gcc/avr/8.4.0/../../../../avr/lib/avr5\libatmega32u4.a
END GROUP
                0x0000000000020000                __TEXT_REGION_LENGTH__ = DEFINED (__TEXT_REGION_LENGTH__)?__TEXT_REGION_LENGTH__:0x20000
                0x000000000000ffa0                __DATA_REGION_LENGTH__ = DEFINED (__DATA_REGION_LENGTH__)?__DATA_REGION_LENGTH__:0xffa0
                0x0000000000010000                __EEPROM_REGION_LENGTH__ = DEFINED (__EEPROM_REGION_LENGTH__)?__EEPROM_REGION_LENGTH__:0x10000
                0x0000000000000400                __FUSE_REGION_LENGTH__ = DEFINED (__FUSE_REGION_LENGTH__)?__FUSE_REGION_LENGTH__:0x400
                0x0000000000000400                __LOCK_REGION_LENGTH__ = DEFINED (__LOCK_REGION_LENGTH__)?__LOCK_REGION_LENGTH__:0x400
                0x0000000000000400                __SIGNATURE_REGION_LENGTH__ = DEFINED (__SIGNATURE_REGION_LENGTH__)?__SIGNATURE_REGION_LENGTH__:0x400
                0x0000000000000400                __USER_SIGNATURE_REGION_LENGTH__ = DEFINED (__USER_SIGNATURE_REGION_LENGTH__)?__USER_SIGNATURE_REGION_LENGTH__:0x400

.hash
 *(.hash)

.dynsym
 *(.dynsym)

.dynstr
 *(.dynstr)

.gnu.version
 *(.gnu.version)

.gnu.version_d
 *(.gnu.version_d)

.gnu.version_r
 *(.gnu.version_r)

.rel.init
 *(.rel.init)

.rela.init
 *(.rela.init)

.rel.text
 *(.rel.text)
 *(.rel.text.*)
 *(.rel.gnu.linkonce.t*)

.rela.text
 *(.rela.text)
 *(.rela.text.*)
 *(.rela.gnu.linkonce.t*)

.rel.fini
 *(.rel.fini)

.rela.fini
 *(.rela.fini)

.rel.rodata
 *(.rel.rodata)
 *(.rel.rodata.*)
 *(.rel.gnu.linkonce.r*)

.rela.rodata
 *(.rela.rodata)
 *(.rela.rodata.*)
 *(.rela.gnu.linkonce.r*)

.rel.data
 *(.rel.data)
 *(.rel.data.*)
 *(.rel.gnu.linkonce.d*)

.rela.data
 *(.rela.data)
 *(.rela.data.*)
 *(.rela.gnu.linkonce.d*)

.rel.ctors
 *(.rel.ctors)

.rela.ctors
 *(.rela.ctors)

.rel.dtors
 *(.rel.dtors)

.rela.dtors
 *(.rela.dtors)

.rel.got
 *(.rel.got)

.rela.got
 *(.rela.got)

.rel.bss
 *(.rel.bss)

.rela.bss
 *(.rela.bss)

.rel.plt
 *(.rel.plt)

.rela.plt
 *(.rela.plt)

.text           0x0000000000000000     0x44b4
 *(.vectors)
 .vectors       0x0000000000000000       0xac d:/qmk_msys/mingw64/bin/../lib/gcc/avr/8.4.0/../../../../avr/lib/avr5/crtatmega32u4.o
                0x0000000000000000                __vector_default
                0x0000000000000000                __vectors
 *(.vectors)
 *(.progmem.gcc*)
                0x00000000000000ac                . = ALIGN (0x2)
                0x00000000000000ac                __trampolines_start = .
 *(.trampolines)
 .trampolines   0x00000000000000ac        0x0 linker stubs
 *(.trampolines*)
                0x00000000000000ac                __trampolines_end = .
 *libprintf_flt.a:*(.progmem.data)
 *libc.a:*(.progmem.data)
 *(.progmem.*)
 .progmem.data.keymaps
                0x00000000000000ac        0x8 .build/obj_charles_4key_default/keyboards/charles_4key/keymaps/default/keymap.o
                0x00000000000000ac                keymaps
 .progmem.data.ascii_to_keycode_lut
                0x00000000000000b4       0x80 .build/obj_charles_4key_default/quantum/send_string.o
                0x00000000000000b4                ascii_to_keycode_lut
 .progmem.data.ascii_to_dead_lut
                0x0000000000000134       0x10 .build/obj_charles_4key_default/quantum/send_string.o
                0x0000000000000134                ascii_to_dead_lut
 .progmem.data.ascii_to_altgr_lut
                0x0000000000000144       0x10 .build/obj_charles_4key_default/quantum/send_string.o
                0x0000000000000144                ascii_to_altgr_lut
 .progmem.data.ascii_to_shift_lut
                0x0000000000000154       0x10 .build/obj_charles_4key_default/quantum/send_string.o
                0x0000000000000154                ascii_to_shift_lut
 .progmem.data.ProductString
                0x0000000000000164       0x1c .build/obj_charles_4key_default/usb_descriptor.o
                0x0000000000000164                ProductString
 .progmem.data.ManufacturerString
                0x0000000000000180       0x18 .build/obj_charles_4key_default/usb_descriptor.o
                0x0000000000000180                ManufacturerString
 .progmem.data.LanguageString
                0x0000000000000198        0x4 .build/obj_charles_4key_default/usb_descriptor.o
                0x0000000000000198                LanguageString
 .progmem.data.ConfigurationDescriptor
                0x000000000000019c       0x5b .build/obj_charles_4key_default/usb_descriptor.o
                0x000000000000019c                ConfigurationDescriptor
 .progmem.data.DeviceDescriptor
                0x00000000000001f7       0x12 .build/obj_charles_4key_default/usb_descriptor.o
                0x00000000000001f7                DeviceDescriptor
 .progmem.data.RawReport
                0x0000000000000209       0x22 .build/obj_charles_4key_default/usb_descriptor.o
                0x0000000000000209                RawReport
 .progmem.data.SharedReport
                0x000000000000022b       0x7b .build/obj_charles_4key_default/usb_descriptor.o
                0x000000000000022b                SharedReport
 .progmem.data.KeyboardReport
                0x00000000000002a6       0x40 .build/obj_charles_4key_default/usb_descriptor.o
                0x00000000000002a6                KeyboardReport
                0x00000000000002e6                . = ALIGN (0x2)
 *(.lowtext)
 *(.lowtext*)
                0x00000000000002e6                __ctors_start = .
 *(.ctors)
                0x00000000000002e6                __ctors_end = .
                0x00000000000002e6                __dtors_start = .
 *(.dtors)
                0x00000000000002e6                __dtors_end = .
 SORT_BY_NAME(*)(.ctors)
 SORT_BY_NAME(*)(.dtors)
 *(.init0)
 .init0         0x00000000000002e6        0x0 d:/qmk_msys/mingw64/bin/../lib/gcc/avr/8.4.0/../../../../avr/lib/avr5/crtatmega32u4.o
                0x00000000000002e6                __init
 *(.init0)
 *(.init1)
 *(.init1)
 *(.init2)
 .init2         0x00000000000002e6        0xc d:/qmk_msys/mingw64/bin/../lib/gcc/avr/8.4.0/../../../../avr/lib/avr5/crtatmega32u4.o
 *(.init2)
 *(.init3)
 .init3         0x00000000000002f2       0x36 .build/obj_charles_4key_default/platforms/avr/bootloaders/dfu.o
                0x00000000000002f2                bootloader_jump_after_watchdog_reset
 *(.init3)
 *(.init4)
 .init4         0x0000000000000328       0x16 d:/qmk_msys/mingw64/bin/../lib/gcc/avr/8.4.0/avr5\libgcc.a(_copy_data.o)
                0x0000000000000328                __do_copy_data
 .init4         0x000000000000033e       0x10 d:/qmk_msys/mingw64/bin/../lib/gcc/avr/8.4.0/avr5\libgcc.a(_clear_bss.o)
                0x000000000000033e                __do_clear_bss
 *(.init4)
 *(.init5)
 *(.init5)
 *(.init6)
 *(.init6)
 *(.init7)
 *(.init7)
 *(.init8)
 *(.init8)
 *(.init9)
 .init9         0x000000000000034e        0x8 d:/qmk_msys/mingw64/bin/../lib/gcc/avr/8.4.0/../../../../avr/lib/avr5/crtatmega32u4.o
 *(.init9)
 *(.text)
 .text          0x0000000000000356        0x4 d:/qmk_msys/mingw64/bin/../lib/gcc/avr/8.4.0/../../../../avr/lib/avr5/crtatmega32u4.o
                0x0000000000000356                __vector_38
                0x0000000000000356                __vector_22
                0x0000000000000356                __vector_28
                0x0000000000000356                __vector_1
                0x0000000000000356                __vector_32
                0x0000000000000356                __vector_34
                0x0000000000000356                __vector_24
                0x0000000000000356                __bad_interrupt
                0x0000000000000356                __vector_6
                0x0000000000000356                __vector_31
                0x0000000000000356                __vector_35
                0x0000000000000356                __vector_39
                0x0000000000000356                __vector_3
                0x0000000000000356                __vector_23
                0x0000000000000356                __vector_30
                0x0000000000000356                __vector_25
                0x0000000000000356                __vector_13
                0x0000000000000356                __vector_17
                0x0000000000000356                __vector_19
                0x0000000000000356                __vector_7
                0x0000000000000356                __vector_41
                0x0000000000000356                __vector_27
                0x0000000000000356                __vector_5
                0x0000000000000356                __vector_33
                0x0000000000000356                __vector_37
                0x0000000000000356                __vector_4
                0x0000000000000356                __vector_9
                0x0000000000000356                __vector_2
                0x0000000000000356                __vector_15
                0x0000000000000356                __vector_36
                0x0000000000000356                __vector_29
                0x0000000000000356                __vector_40
                0x0000000000000356                __vector_8
                0x0000000000000356                __vector_26
                0x0000000000000356                __vector_14
                0x0000000000000356                __vector_16
                0x0000000000000356                __vector_18
                0x0000000000000356                __vector_20
                0x0000000000000356                __vector_42
                0x000000000000035a                . = ALIGN (0x2)
 *(.text.*)
 .text.process_action_kb
                0x000000000000035a        0x4 .build/obj_charles_4key_default/quantum/quantum.o
                0x000000000000035a                process_action_kb
 .text.process_record_user
                0x000000000000035e        0x4 .build/obj_charles_4key_default/quantum/quantum.o
                0x000000000000035e                process_record_user
 .text.process_record_kb
                0x0000000000000362        0x4 .build/obj_charles_4key_default/quantum/quantum.o
                0x0000000000000362                process_record_kb
 .text.post_process_record_user
                0x0000000000000366        0x2 .build/obj_charles_4key_default/quantum/quantum.o
                0x0000000000000366                post_process_record_user
 .text.post_process_record_kb
                0x0000000000000368        0x4 .build/obj_charles_4key_default/quantum/quantum.o
                0x0000000000000368                post_process_record_kb
 .text.get_event_keycode
                0x000000000000036c       0x66 .build/obj_charles_4key_default/quantum/quantum.o
                0x000000000000036c                get_event_keycode
 .text.get_record_keycode
                0x00000000000003d2       0x12 .build/obj_charles_4key_default/quantum/quantum.o
                0x00000000000003d2                get_record_keycode
 .text.pre_process_record_quantum
                0x00000000000003e4        0x4 .build/obj_charles_4key_default/quantum/quantum.o
                0x00000000000003e4                pre_process_record_quantum
 .text.post_process_record_quantum
                0x00000000000003e8       0x16 .build/obj_charles_4key_default/quantum/quantum.o
                0x00000000000003e8                post_process_record_quantum
 .text.update_tri_layer_state
                0x00000000000003fe       0x3a .build/obj_charles_4key_default/quantum/quantum.o
                0x00000000000003fe                update_tri_layer_state
 .text.update_tri_layer
                0x0000000000000438       0x12 .build/obj_charles_4key_default/quantum/quantum.o
                0x0000000000000438                update_tri_layer
 .text.matrix_init_quantum
                0x000000000000044a        0x4 .build/obj_charles_4key_default/quantum/quantum.o
                0x000000000000044a                matrix_init_quantum
 .text.matrix_scan_quantum
                0x000000000000044e        0x4 .build/obj_charles_4key_default/quantum/quantum.o
                0x000000000000044e                matrix_scan_quantum
 .text.shutdown_user
                0x0000000000000452        0x2 .build/obj_charles_4key_default/quantum/quantum.o
                0x0000000000000452                shutdown_user
 .text.reset_keyboard
                0x0000000000000454       0x1e .build/obj_charles_4key_default/quantum/quantum.o
                0x0000000000000454                reset_keyboard
 .text.process_record_quantum
                0x0000000000000472       0xb0 .build/obj_charles_4key_default/quantum/quantum.o
                0x0000000000000472                process_record_quantum
 .text.suspend_power_down_quantum
                0x0000000000000522        0x8 .build/obj_charles_4key_default/quantum/quantum.o
                0x0000000000000522                suspend_power_down_quantum
 .text.suspend_wakeup_init_quantum
                0x000000000000052a        0x8 .build/obj_charles_4key_default/quantum/quantum.o
                0x000000000000052a                suspend_wakeup_init_quantum
 .text.send_char
                0x0000000000000532       0xcc .build/obj_charles_4key_default/quantum/send_string.o
                0x0000000000000532                send_char
 .text.send_string_with_delay
                0x00000000000005fe       0xd0 .build/obj_charles_4key_default/quantum/send_string.o
                0x00000000000005fe                send_string_with_delay
 .text.send_string
                0x00000000000006ce        0x6 .build/obj_charles_4key_default/quantum/send_string.o
                0x00000000000006ce                send_string
 .text.led_set_user
                0x00000000000006d4        0x2 .build/obj_charles_4key_default/quantum/led.o
                0x00000000000006d4                led_set_user
 .text.led_set_kb
                0x00000000000006d6        0x4 .build/obj_charles_4key_default/quantum/led.o
                0x00000000000006d6                led_set_kb
 .text.led_update_user
                0x00000000000006da        0x4 .build/obj_charles_4key_default/quantum/led.o
                0x00000000000006da                led_update_user
 .text.led_update_kb
                0x00000000000006de        0x4 .build/obj_charles_4key_default/quantum/led.o
                0x00000000000006de                led_update_kb
 .text.led_init_ports
                0x00000000000006e2        0x2 .build/obj_charles_4key_default/quantum/led.o
                0x00000000000006e2                led_init_ports
 .text.led_set  0x00000000000006e4       0x10 .build/obj_charles_4key_default/quantum/led.o
                0x00000000000006e4                led_set
 .text.led_suspend
                0x00000000000006f4        0x6 .build/obj_charles_4key_default/quantum/led.o
                0x00000000000006f4                led_suspend
 .text.led_wakeup
                0x00000000000006fa        0x8 .build/obj_charles_4key_default/quantum/led.o
                0x00000000000006fa                led_wakeup
 .text.led_task
                0x0000000000000702       0x16 .build/obj_charles_4key_default/quantum/led.o
                0x0000000000000702                led_task
 .text.action_exec
                0x0000000000000718       0x7c .build/obj_charles_4key_default/quantum/action.o
                0x0000000000000718                action_exec
 .text.process_record_tap_hint
                0x0000000000000794        0xa .build/obj_charles_4key_default/quantum/action.o
                0x0000000000000794                process_record_tap_hint
 .text.register_code
                0x000000000000079e      0x124 .build/obj_charles_4key_default/quantum/action.o
                0x000000000000079e                register_code
 .text.unregister_code
                0x00000000000008c2       0xac .build/obj_charles_4key_default/quantum/action.o
                0x00000000000008c2                unregister_code
 .text.tap_code_delay
                0x000000000000096e       0x2e .build/obj_charles_4key_default/quantum/action.o
                0x000000000000096e                tap_code_delay
 .text.tap_code
                0x000000000000099c       0x10 .build/obj_charles_4key_default/quantum/action.o
                0x000000000000099c                tap_code
 .text.register_mods
                0x00000000000009ac        0xe .build/obj_charles_4key_default/quantum/action.o
                0x00000000000009ac                register_mods
 .text.unregister_mods
                0x00000000000009ba        0xe .build/obj_charles_4key_default/quantum/action.o
                0x00000000000009ba                unregister_mods
 .text.process_action
                0x00000000000009c8      0x402 .build/obj_charles_4key_default/quantum/action.o
                0x00000000000009c8                process_action
 .text.process_record_handler
                0x0000000000000dca       0x2e .build/obj_charles_4key_default/quantum/action.o
                0x0000000000000dca                process_record_handler
 .text.process_record
                0x0000000000000df8       0x58 .build/obj_charles_4key_default/quantum/action.o
                0x0000000000000df8                process_record
 .text.clear_keyboard_but_mods_and_keys
                0x0000000000000e50       0x20 .build/obj_charles_4key_default/quantum/action.o
                0x0000000000000e50                clear_keyboard_but_mods_and_keys
 .text.clear_keyboard_but_mods
                0x0000000000000e70        0x8 .build/obj_charles_4key_default/quantum/action.o
                0x0000000000000e70                clear_keyboard_but_mods
 .text.clear_keyboard
                0x0000000000000e78        0x8 .build/obj_charles_4key_default/quantum/action.o
                0x0000000000000e78                clear_keyboard
 .text.is_tap_action
                0x0000000000000e80       0x36 .build/obj_charles_4key_default/quantum/action.o
                0x0000000000000e80                is_tap_action
 .text.is_tap_record
                0x0000000000000eb6        0xe .build/obj_charles_4key_default/quantum/action.o
                0x0000000000000eb6                is_tap_record
 .text.debug_event
                0x0000000000000ec4       0x1e .build/obj_charles_4key_default/quantum/action.o
                0x0000000000000ec4                debug_event
 .text.debug_record
                0x0000000000000ee2       0x20 .build/obj_charles_4key_default/quantum/action.o
                0x0000000000000ee2                debug_record
 .text.default_layer_state_set_user
                0x0000000000000f02        0x2 .build/obj_charles_4key_default/quantum/action_layer.o
                0x0000000000000f02                default_layer_state_set_user
 .text.default_layer_state_set_kb
                0x0000000000000f04        0x4 .build/obj_charles_4key_default/quantum/action_layer.o
                0x0000000000000f04                default_layer_state_set_kb
 .text.default_layer_state_set
                0x0000000000000f08        0xc .build/obj_charles_4key_default/quantum/action_layer.o
 .text.default_layer_debug
                0x0000000000000f14        0x2 .build/obj_charles_4key_default/quantum/action_layer.o
                0x0000000000000f14                default_layer_debug
 .text.default_layer_set
                0x0000000000000f16        0x4 .build/obj_charles_4key_default/quantum/action_layer.o
                0x0000000000000f16                default_layer_set
 .text.default_layer_or
                0x0000000000000f1a        0xa .build/obj_charles_4key_default/quantum/action_layer.o
                0x0000000000000f1a                default_layer_or
 .text.default_layer_and
                0x0000000000000f24        0xa .build/obj_charles_4key_default/quantum/action_layer.o
                0x0000000000000f24                default_layer_and
 .text.default_layer_xor
                0x0000000000000f2e        0xa .build/obj_charles_4key_default/quantum/action_layer.o
                0x0000000000000f2e                default_layer_xor
 .text.layer_state_set_user
                0x0000000000000f38        0x4 .build/obj_charles_4key_default/quantum/action_layer.o
                0x0000000000000f38                layer_state_set_user
 .text.layer_state_set_kb
                0x0000000000000f3c        0x4 .build/obj_charles_4key_default/quantum/action_layer.o
                0x0000000000000f3c                layer_state_set_kb
 .text.layer_state_set
                0x0000000000000f40        0xc .build/obj_charles_4key_default/quantum/action_layer.o
                0x0000000000000f40                layer_state_set
 .text.layer_clear
                0x0000000000000f4c        0x6 .build/obj_charles_4key_default/quantum/action_layer.o
                0x0000000000000f4c                layer_clear
 .text.layer_move
                0x0000000000000f52       0x10 .build/obj_charles_4key_default/quantum/action_layer.o
                0x0000000000000f52                layer_move
 .text.layer_on
                0x0000000000000f62       0x16 .build/obj_charles_4key_default/quantum/action_layer.o
                0x0000000000000f62                layer_on
 .text.layer_off
                0x0000000000000f78       0x18 .build/obj_charles_4key_default/quantum/action_layer.o
                0x0000000000000f78                layer_off
 .text.layer_invert
                0x0000000000000f90       0x16 .build/obj_charles_4key_default/quantum/action_layer.o
                0x0000000000000f90                layer_invert
 .text.layer_or
                0x0000000000000fa6        0xa .build/obj_charles_4key_default/quantum/action_layer.o
                0x0000000000000fa6                layer_or
 .text.layer_and
                0x0000000000000fb0        0xa .build/obj_charles_4key_default/quantum/action_layer.o
                0x0000000000000fb0                layer_and
 .text.layer_xor
                0x0000000000000fba        0xa .build/obj_charles_4key_default/quantum/action_layer.o
                0x0000000000000fba                layer_xor
 .text.layer_debug
                0x0000000000000fc4        0x2 .build/obj_charles_4key_default/quantum/action_layer.o
                0x0000000000000fc4                layer_debug
 .text.update_source_layers_cache
                0x0000000000000fc6       0x56 .build/obj_charles_4key_default/quantum/action_layer.o
                0x0000000000000fc6                update_source_layers_cache
 .text.read_source_layers_cache
                0x000000000000101c       0x4c .build/obj_charles_4key_default/quantum/action_layer.o
                0x000000000000101c                read_source_layers_cache
 .text.layer_switch_get_layer
                0x0000000000001068       0x5a .build/obj_charles_4key_default/quantum/action_layer.o
                0x0000000000001068                layer_switch_get_layer
 .text.layer_switch_get_action
                0x00000000000010c2       0x14 .build/obj_charles_4key_default/quantum/action_layer.o
                0x00000000000010c2                layer_switch_get_action
 .text.store_or_get_action
                0x00000000000010d6       0x48 .build/obj_charles_4key_default/quantum/action_layer.o
                0x00000000000010d6                store_or_get_action
 .text.debug_waiting_buffer
                0x000000000000111e       0x42 .build/obj_charles_4key_default/quantum/action_tapping.o
 .text.debug_tapping_key
                0x0000000000001160       0x1c .build/obj_charles_4key_default/quantum/action_tapping.o
 .text.waiting_buffer_scan_tap
                0x000000000000117c       0xc2 .build/obj_charles_4key_default/quantum/action_tapping.o
 .text.process_tapping
                0x000000000000123e      0x348 .build/obj_charles_4key_default/quantum/action_tapping.o
 .text.action_tapping_process
                0x0000000000001586      0x134 .build/obj_charles_4key_default/quantum/action_tapping.o
                0x0000000000001586                action_tapping_process
 .text.add_key  0x00000000000016ba        0xe .build/obj_charles_4key_default/quantum/action_util.o
                0x00000000000016ba                add_key
 .text.del_key  0x00000000000016c8        0xe .build/obj_charles_4key_default/quantum/action_util.o
                0x00000000000016c8                del_key
 .text.clear_keys
                0x00000000000016d6        0xc .build/obj_charles_4key_default/quantum/action_util.o
                0x00000000000016d6                clear_keys
 .text.get_oneshot_layer
                0x00000000000016e2        0xc .build/obj_charles_4key_default/quantum/action_util.o
                0x00000000000016e2                get_oneshot_layer
 .text.get_oneshot_layer_state
                0x00000000000016ee        0x8 .build/obj_charles_4key_default/quantum/action_util.o
                0x00000000000016ee                get_oneshot_layer_state
 .text.is_oneshot_layer_active
                0x00000000000016f6        0xe .build/obj_charles_4key_default/quantum/action_util.o
                0x00000000000016f6                is_oneshot_layer_active
 .text.get_mods
                0x0000000000001704        0x6 .build/obj_charles_4key_default/quantum/action_util.o
                0x0000000000001704                get_mods
 .text.add_mods
                0x000000000000170a        0xc .build/obj_charles_4key_default/quantum/action_util.o
                0x000000000000170a                add_mods
 .text.del_mods
                0x0000000000001716        0xe .build/obj_charles_4key_default/quantum/action_util.o
                0x0000000000001716                del_mods
 .text.clear_mods
                0x0000000000001724        0x6 .build/obj_charles_4key_default/quantum/action_util.o
                0x0000000000001724                clear_mods
 .text.add_weak_mods
                0x000000000000172a        0xc .build/obj_charles_4key_default/quantum/action_util.o
                0x000000000000172a                add_weak_mods
 .text.del_weak_mods
                0x0000000000001736        0xe .build/obj_charles_4key_default/quantum/action_util.o
                0x0000000000001736                del_weak_mods
 .text.clear_weak_mods
                0x0000000000001744        0x6 .build/obj_charles_4key_default/quantum/action_util.o
                0x0000000000001744                clear_weak_mods
 .text.get_oneshot_mods
                0x000000000000174a        0x6 .build/obj_charles_4key_default/quantum/action_util.o
                0x000000000000174a                get_oneshot_mods
 .text.oneshot_mods_changed_user
                0x0000000000001750        0x2 .build/obj_charles_4key_default/quantum/action_util.o
                0x0000000000001750                oneshot_mods_changed_user
 .text.oneshot_mods_changed_kb
                0x0000000000001752        0x4 .build/obj_charles_4key_default/quantum/action_util.o
                0x0000000000001752                oneshot_mods_changed_kb
 .text.set_oneshot_mods
                0x0000000000001756       0x1a .build/obj_charles_4key_default/quantum/action_util.o
                0x0000000000001756                set_oneshot_mods
 .text.clear_oneshot_mods
                0x0000000000001770       0x14 .build/obj_charles_4key_default/quantum/action_util.o
                0x0000000000001770                clear_oneshot_mods
 .text.send_keyboard_report
                0x0000000000001784       0x86 .build/obj_charles_4key_default/quantum/action_util.o
                0x0000000000001784                send_keyboard_report
 .text.oneshot_layer_changed_user
                0x000000000000180a        0x2 .build/obj_charles_4key_default/quantum/action_util.o
                0x000000000000180a                oneshot_layer_changed_user
 .text.oneshot_layer_changed_kb
                0x000000000000180c        0x4 .build/obj_charles_4key_default/quantum/action_util.o
                0x000000000000180c                oneshot_layer_changed_kb
 .text.set_oneshot_layer
                0x0000000000001810       0x2c .build/obj_charles_4key_default/quantum/action_util.o
                0x0000000000001810                set_oneshot_layer
 .text.reset_oneshot_layer
                0x000000000000183c        0xa .build/obj_charles_4key_default/quantum/action_util.o
                0x000000000000183c                reset_oneshot_layer
 .text.clear_oneshot_layer_state
                0x0000000000001846       0x38 .build/obj_charles_4key_default/quantum/action_util.o
                0x0000000000001846                clear_oneshot_layer_state
 .text.oneshot_set
                0x000000000000187e       0x2a .build/obj_charles_4key_default/quantum/action_util.o
                0x000000000000187e                oneshot_set
 .text.oneshot_toggle
                0x00000000000018a8       0x12 .build/obj_charles_4key_default/quantum/action_util.o
                0x00000000000018a8                oneshot_toggle
 .text.oneshot_enable
                0x00000000000018ba        0x6 .build/obj_charles_4key_default/quantum/action_util.o
                0x00000000000018ba                oneshot_enable
 .text.oneshot_disable
                0x00000000000018c0        0x6 .build/obj_charles_4key_default/quantum/action_util.o
                0x00000000000018c0                oneshot_disable
 .text.eeconfig_disable
                0x00000000000018c6        0xc .build/obj_charles_4key_default/quantum/eeconfig.o
                0x00000000000018c6                eeconfig_disable
 .text.eeconfig_is_enabled
                0x00000000000018d2       0x16 .build/obj_charles_4key_default/quantum/eeconfig.o
                0x00000000000018d2                eeconfig_is_enabled
 .text.eeconfig_read_debug
                0x00000000000018e8        0x8 .build/obj_charles_4key_default/quantum/eeconfig.o
                0x00000000000018e8                eeconfig_read_debug
 .text.eeconfig_read_default_layer
                0x00000000000018f0        0x8 .build/obj_charles_4key_default/quantum/eeconfig.o
                0x00000000000018f0                eeconfig_read_default_layer
 .text.eeconfig_read_keymap
                0x00000000000018f8       0x1c .build/obj_charles_4key_default/quantum/eeconfig.o
                0x00000000000018f8                eeconfig_read_keymap
 .text.eeconfig_update_keymap
                0x0000000000001914       0x1a .build/obj_charles_4key_default/quantum/eeconfig.o
                0x0000000000001914                eeconfig_update_keymap
 .text.eeconfig_update_kb
                0x000000000000192e        0xc .build/obj_charles_4key_default/quantum/eeconfig.o
                0x000000000000192e                eeconfig_update_kb
 .text.eeconfig_update_user
                0x000000000000193a        0xc .build/obj_charles_4key_default/quantum/eeconfig.o
                0x000000000000193a                eeconfig_update_user
 .text.eeconfig_init_user
                0x0000000000001946        0xa .build/obj_charles_4key_default/quantum/eeconfig.o
                0x0000000000001946                eeconfig_init_user
 .text.eeconfig_init_kb
                0x0000000000001950        0xe .build/obj_charles_4key_default/quantum/eeconfig.o
                0x0000000000001950                eeconfig_init_kb
 .text.eeconfig_init_quantum
                0x000000000000195e       0xbc .build/obj_charles_4key_default/quantum/eeconfig.o
                0x000000000000195e                eeconfig_init_quantum
 .text.eeconfig_init
                0x0000000000001a1a        0x4 .build/obj_charles_4key_default/quantum/eeconfig.o
                0x0000000000001a1a                eeconfig_init
 .text.eeconfig_update_handedness
                0x0000000000001a1e        0xa .build/obj_charles_4key_default/quantum/eeconfig.o
                0x0000000000001a1e                eeconfig_update_handedness
 .text.last_matrix_activity_trigger
                0x0000000000001a28       0x26 .build/obj_charles_4key_default/quantum/keyboard.o
                0x0000000000001a28                last_matrix_activity_trigger
 .text.disable_jtag
                0x0000000000001a4e        0xe .build/obj_charles_4key_default/quantum/keyboard.o
                0x0000000000001a4e                disable_jtag
 .text.matrix_setup
                0x0000000000001a5c        0x2 .build/obj_charles_4key_default/quantum/keyboard.o
                0x0000000000001a5c                matrix_setup
 .text.keyboard_pre_init_user
                0x0000000000001a5e        0x2 .build/obj_charles_4key_default/quantum/keyboard.o
                0x0000000000001a5e                keyboard_pre_init_user
 .text.keyboard_pre_init_kb
                0x0000000000001a60        0x4 .build/obj_charles_4key_default/quantum/keyboard.o
                0x0000000000001a60                keyboard_pre_init_kb
 .text.keyboard_post_init_user
                0x0000000000001a64        0x2 .build/obj_charles_4key_default/quantum/keyboard.o
                0x0000000000001a64                keyboard_post_init_user
 .text.keyboard_post_init_kb
                0x0000000000001a66        0x4 .build/obj_charles_4key_default/quantum/keyboard.o
                0x0000000000001a66                keyboard_post_init_kb
 .text.keyboard_setup
                0x0000000000001a6a       0x14 .build/obj_charles_4key_default/quantum/keyboard.o
                0x0000000000001a6a                keyboard_setup
 .text.is_keyboard_master
                0x0000000000001a7e        0x4 .build/obj_charles_4key_default/quantum/keyboard.o
                0x0000000000001a7e                is_keyboard_master
 .text.should_process_keypress
                0x0000000000001a82        0x4 .build/obj_charles_4key_default/quantum/keyboard.o
                0x0000000000001a82                should_process_keypress
 .text.housekeeping_task_kb
                0x0000000000001a86        0x2 .build/obj_charles_4key_default/quantum/keyboard.o
                0x0000000000001a86                housekeeping_task_kb
 .text.housekeeping_task_user
                0x0000000000001a88        0x2 .build/obj_charles_4key_default/quantum/keyboard.o
                0x0000000000001a88                housekeeping_task_user
 .text.housekeeping_task
                0x0000000000001a8a        0x8 .build/obj_charles_4key_default/quantum/keyboard.o
                0x0000000000001a8a                housekeeping_task
 .text.quantum_init
                0x0000000000001a92        0x8 .build/obj_charles_4key_default/quantum/keyboard.o
                0x0000000000001a92                quantum_init
 .text.keyboard_init
                0x0000000000001a9a       0x14 .build/obj_charles_4key_default/quantum/keyboard.o
                0x0000000000001a9a                keyboard_init
 .text.matrix_scan_task
                0x0000000000001aae      0x10c .build/obj_charles_4key_default/quantum/keyboard.o
                0x0000000000001aae                matrix_scan_task
 .text.keyboard_task
                0x0000000000001bba        0xc .build/obj_charles_4key_default/quantum/keyboard.o
                0x0000000000001bba                keyboard_task
 .text.action_for_keycode
                0x0000000000001bc6      0x1f0 .build/obj_charles_4key_default/quantum/keymap_common.o
                0x0000000000001bc6                action_for_keycode
 .text.action_for_key
                0x0000000000001db6        0x8 .build/obj_charles_4key_default/quantum/keymap_common.o
                0x0000000000001db6                action_for_key
 .text.keycode_config
                0x0000000000001dbe      0x12e .build/obj_charles_4key_default/quantum/keycode_config.o
                0x0000000000001dbe                keycode_config
 .text.mod_config
                0x0000000000001eec       0x86 .build/obj_charles_4key_default/quantum/keycode_config.o
                0x0000000000001eec                mod_config
 .text.sendchar
                0x0000000000001f72        0x4 .build/obj_charles_4key_default/quantum/logging/sendchar.o
                0x0000000000001f72                sendchar
 .text.bootmagic_lite_reset_eeprom
                0x0000000000001f76        0x4 .build/obj_charles_4key_default/quantum/bootmagic/bootmagic_lite.o
                0x0000000000001f76                bootmagic_lite_reset_eeprom
 .text.bootmagic_lite
                0x0000000000001f7a       0x28 .build/obj_charles_4key_default/quantum/bootmagic/bootmagic_lite.o
                0x0000000000001f7a                bootmagic_lite
 .text.bootmagic
                0x0000000000001fa2        0x4 .build/obj_charles_4key_default/quantum/bootmagic/bootmagic_lite.o
                0x0000000000001fa2                bootmagic
 .text.magic    0x0000000000001fa6       0x34 .build/obj_charles_4key_default/quantum/bootmagic/magic.o
                0x0000000000001fa6                magic
 .text.matrix_init_user
                0x0000000000001fda        0x2 .build/obj_charles_4key_default/quantum/matrix_common.o
                0x0000000000001fda                matrix_init_user
 .text.matrix_init_kb
                0x0000000000001fdc        0x4 .build/obj_charles_4key_default/quantum/matrix_common.o
                0x0000000000001fdc                matrix_init_kb
 .text.matrix_scan_user
                0x0000000000001fe0        0x2 .build/obj_charles_4key_default/quantum/matrix_common.o
                0x0000000000001fe0                matrix_scan_user
 .text.matrix_scan_kb
                0x0000000000001fe2        0x4 .build/obj_charles_4key_default/quantum/matrix_common.o
                0x0000000000001fe2                matrix_scan_kb
 .text.matrix_get_row
                0x0000000000001fe6        0xc .build/obj_charles_4key_default/quantum/matrix_common.o
                0x0000000000001fe6                matrix_get_row
 .text.matrix_print
                0x0000000000001ff2        0x2 .build/obj_charles_4key_default/quantum/matrix_common.o
                0x0000000000001ff2                matrix_print
 .text.matrix_io_delay
                0x0000000000001ff4        0x8 .build/obj_charles_4key_default/quantum/matrix_common.o
                0x0000000000001ff4                matrix_io_delay
 .text.matrix_output_select_delay
                0x0000000000001ffc        0x4 .build/obj_charles_4key_default/quantum/matrix_common.o
                0x0000000000001ffc                matrix_output_select_delay
 .text.matrix_output_unselect_delay
                0x0000000000002000        0x4 .build/obj_charles_4key_default/quantum/matrix_common.o
                0x0000000000002000                matrix_output_unselect_delay
 .text.setPinInputHigh_atomic
                0x0000000000002004       0x2e .build/obj_charles_4key_default/quantum/matrix.o
 .text.matrix_init_pins
                0x0000000000002032       0x18 .build/obj_charles_4key_default/quantum/matrix.o
                0x0000000000002032                matrix_init_pins
 .text.matrix_read_cols_on_row
                0x000000000000204a       0xa2 .build/obj_charles_4key_default/quantum/matrix.o
                0x000000000000204a                matrix_read_cols_on_row
 .text.matrix_init
                0x00000000000020ec       0x1e .build/obj_charles_4key_default/quantum/matrix.o
                0x00000000000020ec                matrix_init
 .text.matrix_scan
                0x000000000000210a       0x70 .build/obj_charles_4key_default/quantum/matrix.o
                0x000000000000210a                matrix_scan
 .text.debounce_init
                0x000000000000217a        0x2 .build/obj_charles_4key_default/quantum/debounce/sym_defer_g.o
                0x000000000000217a                debounce_init
 .text.debounce
                0x000000000000217c       0x6c .build/obj_charles_4key_default/quantum/debounce/sym_defer_g.o
                0x000000000000217c                debounce
 .text.protocol_init
                0x00000000000021e8        0xc .build/obj_charles_4key_default/quantum/main.o
                0x00000000000021e8                protocol_init
 .text.protocol_task
                0x00000000000021f4        0xc .build/obj_charles_4key_default/quantum/main.o
                0x00000000000021f4                protocol_task
 .text.startup.main
                0x0000000000002200       0x1a .build/obj_charles_4key_default/quantum/main.o
                0x0000000000002200                main
 .text.move_unit
                0x000000000000221a       0x7c .build/obj_charles_4key_default/quantum/mousekey.o
 .text.wheel_unit
                0x0000000000002296       0x72 .build/obj_charles_4key_default/quantum/mousekey.o
 .text.mousekey_on
                0x0000000000002308       0xb4 .build/obj_charles_4key_default/quantum/mousekey.o
                0x0000000000002308                mousekey_on
 .text.mousekey_off
                0x00000000000023bc       0xf2 .build/obj_charles_4key_default/quantum/mousekey.o
                0x00000000000023bc                mousekey_off
 .text.mousekey_send
                0x00000000000024ae       0x36 .build/obj_charles_4key_default/quantum/mousekey.o
                0x00000000000024ae                mousekey_send
 .text.mousekey_task
                0x00000000000024e4      0x218 .build/obj_charles_4key_default/quantum/mousekey.o
                0x00000000000024e4                mousekey_task
 .text.mousekey_clear
                0x00000000000026fc       0x1c .build/obj_charles_4key_default/quantum/mousekey.o
                0x00000000000026fc                mousekey_clear
 .text.via_eeprom_is_valid
                0x0000000000002718       0x32 .build/obj_charles_4key_default/quantum/via.o
                0x0000000000002718                via_eeprom_is_valid
 .text.via_eeprom_set_valid
                0x000000000000274a       0x30 .build/obj_charles_4key_default/quantum/via.o
                0x000000000000274a                via_eeprom_set_valid
 .text.via_init_kb
                0x000000000000277a        0x2 .build/obj_charles_4key_default/quantum/via.o
                0x000000000000277a                via_init_kb
 .text.via_get_layout_options
                0x000000000000277c       0x12 .build/obj_charles_4key_default/quantum/via.o
                0x000000000000277c                via_get_layout_options
 .text.via_set_layout_options_kb
                0x000000000000278e        0x2 .build/obj_charles_4key_default/quantum/via.o
                0x000000000000278e                via_set_layout_options_kb
 .text.via_set_layout_options
                0x0000000000002790       0x14 .build/obj_charles_4key_default/quantum/via.o
                0x0000000000002790                via_set_layout_options
 .text.eeconfig_init_via
                0x00000000000027a4       0x1e .build/obj_charles_4key_default/quantum/via.o
                0x00000000000027a4                eeconfig_init_via
 .text.via_init
                0x00000000000027c2       0x1a .build/obj_charles_4key_default/quantum/via.o
                0x00000000000027c2                via_init
 .text.process_record_via
                0x00000000000027dc       0x70 .build/obj_charles_4key_default/quantum/via.o
                0x00000000000027dc                process_record_via
 .text.raw_hid_receive_kb
                0x000000000000284c        0x8 .build/obj_charles_4key_default/quantum/via.o
                0x000000000000284c                raw_hid_receive_kb
 .text.raw_hid_receive
                0x0000000000002854      0x150 .build/obj_charles_4key_default/quantum/via.o
                0x0000000000002854                raw_hid_receive
 .text.process_magic
                0x00000000000029a4      0x27a .build/obj_charles_4key_default/quantum/process_keycode/process_magic.o
                0x00000000000029a4                process_magic
 .text.dynamic_keymap_get_layer_count
                0x0000000000002c1e        0x4 .build/obj_charles_4key_default/quantum/dynamic_keymap.o
                0x0000000000002c1e                dynamic_keymap_get_layer_count
 .text.dynamic_keymap_key_to_eeprom_address
                0x0000000000002c22       0x22 .build/obj_charles_4key_default/quantum/dynamic_keymap.o
                0x0000000000002c22                dynamic_keymap_key_to_eeprom_address
 .text.dynamic_keymap_get_keycode
                0x0000000000002c44       0x32 .build/obj_charles_4key_default/quantum/dynamic_keymap.o
                0x0000000000002c44                dynamic_keymap_get_keycode
 .text.dynamic_keymap_set_keycode
                0x0000000000002c76       0x2a .build/obj_charles_4key_default/quantum/dynamic_keymap.o
                0x0000000000002c76                dynamic_keymap_set_keycode
 .text.dynamic_keymap_reset
                0x0000000000002ca0       0x62 .build/obj_charles_4key_default/quantum/dynamic_keymap.o
                0x0000000000002ca0                dynamic_keymap_reset
 .text.dynamic_keymap_get_buffer
                0x0000000000002d02       0x4a .build/obj_charles_4key_default/quantum/dynamic_keymap.o
                0x0000000000002d02                dynamic_keymap_get_buffer
 .text.dynamic_keymap_set_buffer
                0x0000000000002d4c       0x52 .build/obj_charles_4key_default/quantum/dynamic_keymap.o
                0x0000000000002d4c                dynamic_keymap_set_buffer
 .text.keymap_key_to_keycode
                0x0000000000002d9e       0x1a .build/obj_charles_4key_default/quantum/dynamic_keymap.o
                0x0000000000002d9e                keymap_key_to_keycode
 .text.dynamic_keymap_macro_get_count
                0x0000000000002db8        0x4 .build/obj_charles_4key_default/quantum/dynamic_keymap.o
                0x0000000000002db8                dynamic_keymap_macro_get_count
 .text.dynamic_keymap_macro_get_buffer_size
                0x0000000000002dbc        0x6 .build/obj_charles_4key_default/quantum/dynamic_keymap.o
                0x0000000000002dbc                dynamic_keymap_macro_get_buffer_size
 .text.dynamic_keymap_macro_get_buffer
                0x0000000000002dc2       0x4e .build/obj_charles_4key_default/quantum/dynamic_keymap.o
                0x0000000000002dc2                dynamic_keymap_macro_get_buffer
 .text.dynamic_keymap_macro_set_buffer
                0x0000000000002e10       0x56 .build/obj_charles_4key_default/quantum/dynamic_keymap.o
                0x0000000000002e10                dynamic_keymap_macro_set_buffer
 .text.dynamic_keymap_macro_reset
                0x0000000000002e66       0x20 .build/obj_charles_4key_default/quantum/dynamic_keymap.o
                0x0000000000002e66                dynamic_keymap_macro_reset
 .text.dynamic_keymap_macro_send
                0x0000000000002e86       0xae .build/obj_charles_4key_default/quantum/dynamic_keymap.o
                0x0000000000002e86                dynamic_keymap_macro_send
 .text.process_grave_esc
                0x0000000000002f34       0x54 .build/obj_charles_4key_default/quantum/process_keycode/process_grave_esc.o
                0x0000000000002f34                process_grave_esc
 .text.perform_space_cadet
                0x0000000000002f88       0xd8 .build/obj_charles_4key_default/quantum/process_keycode/process_space_cadet.o
                0x0000000000002f88                perform_space_cadet
 .text.process_space_cadet
                0x0000000000003060       0xa4 .build/obj_charles_4key_default/quantum/process_keycode/process_space_cadet.o
                0x0000000000003060                process_space_cadet
 .text.print_set_sendchar
                0x0000000000003104        0xa .build/obj_charles_4key_default/platforms/avr/printf.o
                0x0000000000003104                print_set_sendchar
 .text.host_set_driver
                0x000000000000310e        0xa .build/obj_charles_4key_default/protocol/host.o
                0x000000000000310e                host_set_driver
 .text.host_keyboard_leds
                0x0000000000003118       0x18 .build/obj_charles_4key_default/protocol/host.o
                0x0000000000003118                host_keyboard_leds
 .text.host_keyboard_send
                0x0000000000003130       0x16 .build/obj_charles_4key_default/protocol/host.o
                0x0000000000003130                host_keyboard_send
 .text.host_mouse_send
                0x0000000000003146       0x1c .build/obj_charles_4key_default/protocol/host.o
                0x0000000000003146                host_mouse_send
 .text.host_system_send
                0x0000000000003162       0x2c .build/obj_charles_4key_default/protocol/host.o
                0x0000000000003162                host_system_send
 .text.host_consumer_send
                0x000000000000318e       0x2c .build/obj_charles_4key_default/protocol/host.o
                0x000000000000318e                host_consumer_send
 .text.has_anykey
                0x00000000000031ba       0x24 .build/obj_charles_4key_default/protocol/report.o
                0x00000000000031ba                has_anykey
 .text.is_key_pressed
                0x00000000000031de       0x1e .build/obj_charles_4key_default/protocol/report.o
                0x00000000000031de                is_key_pressed
 .text.add_key_byte
                0x00000000000031fc       0x34 .build/obj_charles_4key_default/protocol/report.o
                0x00000000000031fc                add_key_byte
 .text.del_key_byte
                0x0000000000003230       0x1a .build/obj_charles_4key_default/protocol/report.o
                0x0000000000003230                del_key_byte
 .text.add_key_to_report
                0x000000000000324a        0x4 .build/obj_charles_4key_default/protocol/report.o
                0x000000000000324a                add_key_to_report
 .text.del_key_from_report
                0x000000000000324e        0x4 .build/obj_charles_4key_default/protocol/report.o
                0x000000000000324e                del_key_from_report
 .text.clear_keys_from_report
                0x0000000000003252        0xe .build/obj_charles_4key_default/protocol/report.o
                0x0000000000003252                clear_keys_from_report
 .text.notify_usb_device_state_change_user
                0x0000000000003260        0x2 .build/obj_charles_4key_default/protocol/usb_device_state.o
                0x0000000000003260                notify_usb_device_state_change_user
 .text.notify_usb_device_state_change_kb
                0x0000000000003262        0x4 .build/obj_charles_4key_default/protocol/usb_device_state.o
                0x0000000000003262                notify_usb_device_state_change_kb
 .text.usb_device_state_set_configuration
                0x0000000000003266       0x12 .build/obj_charles_4key_default/protocol/usb_device_state.o
                0x0000000000003266                usb_device_state_set_configuration
 .text.usb_device_state_set_suspend
                0x0000000000003278        0xa .build/obj_charles_4key_default/protocol/usb_device_state.o
                0x0000000000003278                usb_device_state_set_suspend
 .text.usb_device_state_set_resume
                0x0000000000003282        0x4 .build/obj_charles_4key_default/protocol/usb_device_state.o
                0x0000000000003282                usb_device_state_set_resume
 .text.usb_device_state_set_reset
                0x0000000000003286        0xa .build/obj_charles_4key_default/protocol/usb_device_state.o
                0x0000000000003286                usb_device_state_set_reset
 .text.usb_device_state_init
                0x0000000000003290        0x4 .build/obj_charles_4key_default/protocol/usb_device_state.o
                0x0000000000003290                usb_device_state_init
 .text.suspend_wakeup_init_user
                0x0000000000003294        0x2 .build/obj_charles_4key_default/platforms/suspend.o
                0x0000000000003294                suspend_wakeup_init_user
 .text.suspend_power_down_user
                0x0000000000003296        0x2 .build/obj_charles_4key_default/platforms/suspend.o
                0x0000000000003296                suspend_power_down_user
 .text.suspend_power_down_kb
                0x0000000000003298        0x4 .build/obj_charles_4key_default/platforms/suspend.o
                0x0000000000003298                suspend_power_down_kb
 .text.matrix_power_up
                0x000000000000329c        0x2 .build/obj_charles_4key_default/platforms/suspend.o
                0x000000000000329c                matrix_power_up
 .text.matrix_power_down
                0x000000000000329e        0x2 .build/obj_charles_4key_default/platforms/suspend.o
                0x000000000000329e                matrix_power_down
 .text.suspend_wakeup_init_kb
                0x00000000000032a0        0x4 .build/obj_charles_4key_default/platforms/suspend.o
                0x00000000000032a0                suspend_wakeup_init_kb
 .text.suspend_wakeup_condition
                0x00000000000032a4       0x2a .build/obj_charles_4key_default/platforms/suspend.o
                0x00000000000032a4                suspend_wakeup_condition
 .text.platform_setup
                0x00000000000032ce        0x2 .build/obj_charles_4key_default/platforms/avr/platform.o
                0x00000000000032ce                platform_setup
 .text.__vector_12
                0x00000000000032d0       0x4e .build/obj_charles_4key_default/platforms/avr/suspend.o
                0x00000000000032d0                __vector_12
 .text.suspend_power_down
                0x000000000000331e       0x56 .build/obj_charles_4key_default/platforms/avr/suspend.o
                0x000000000000331e                suspend_power_down
 .text.suspend_wakeup_init
                0x0000000000003374        0x8 .build/obj_charles_4key_default/platforms/avr/suspend.o
                0x0000000000003374                suspend_wakeup_init
 .text.timer_init
                0x000000000000337c       0x12 .build/obj_charles_4key_default/platforms/avr/timer.o
                0x000000000000337c                timer_init
 .text.timer_read
                0x000000000000338e       0x18 .build/obj_charles_4key_default/platforms/avr/timer.o
                0x000000000000338e                timer_read
 .text.timer_read32
                0x00000000000033a6       0x18 .build/obj_charles_4key_default/platforms/avr/timer.o
                0x00000000000033a6                timer_read32
 .text.timer_elapsed
                0x00000000000033be       0x1e .build/obj_charles_4key_default/platforms/avr/timer.o
                0x00000000000033be                timer_elapsed
 .text.__vector_21
                0x00000000000033dc       0x48 .build/obj_charles_4key_default/platforms/avr/timer.o
                0x00000000000033dc                __vector_21
 .text.bootloader_jump
                0x0000000000003424       0x48 .build/obj_charles_4key_default/platforms/avr/bootloaders/dfu.o
                0x0000000000003424                bootloader_jump
 .text.keyboard_leds
                0x000000000000346c        0x6 .build/obj_charles_4key_default/lufa.o
 .text.send_programmable_button
                0x0000000000003472        0x2 .build/obj_charles_4key_default/lufa.o
 .text.send_mouse
                0x0000000000003474       0x42 .build/obj_charles_4key_default/lufa.o
 .text.send_keyboard
                0x00000000000034b6       0x5a .build/obj_charles_4key_default/lufa.o
 .text.send_extra
                0x0000000000003510       0x54 .build/obj_charles_4key_default/lufa.o
 .text.send_consumer
                0x0000000000003564        0x8 .build/obj_charles_4key_default/lufa.o
 .text.send_system
                0x000000000000356c        0x8 .build/obj_charles_4key_default/lufa.o
 .text.raw_hid_send
                0x0000000000003574       0x54 .build/obj_charles_4key_default/lufa.o
                0x0000000000003574                raw_hid_send
 .text.EVENT_USB_Device_Connect
                0x00000000000035c8       0x1c .build/obj_charles_4key_default/lufa.o
                0x00000000000035c8                EVENT_USB_Device_Connect
 .text.EVENT_USB_Device_Disconnect
                0x00000000000035e4        0x6 .build/obj_charles_4key_default/lufa.o
                0x00000000000035e4                EVENT_USB_Device_Disconnect
 .text.EVENT_USB_Device_Reset
                0x00000000000035ea        0x4 .build/obj_charles_4key_default/lufa.o
                0x00000000000035ea                EVENT_USB_Device_Reset
 .text.EVENT_USB_Device_Suspend
                0x00000000000035ee       0x10 .build/obj_charles_4key_default/lufa.o
                0x00000000000035ee                EVENT_USB_Device_Suspend
 .text.EVENT_USB_Device_WakeUp
                0x00000000000035fe       0x14 .build/obj_charles_4key_default/lufa.o
                0x00000000000035fe                EVENT_USB_Device_WakeUp
 .text.EVENT_USB_Device_ConfigurationChanged
                0x0000000000003612       0x3c .build/obj_charles_4key_default/lufa.o
                0x0000000000003612                EVENT_USB_Device_ConfigurationChanged
 .text.EVENT_USB_Device_ControlRequest
                0x000000000000364e      0x174 .build/obj_charles_4key_default/lufa.o
                0x000000000000364e                EVENT_USB_Device_ControlRequest
 .text.protocol_setup
                0x00000000000037c2       0x32 .build/obj_charles_4key_default/lufa.o
                0x00000000000037c2                protocol_setup
 .text.protocol_pre_init
                0x00000000000037f4       0x18 .build/obj_charles_4key_default/lufa.o
                0x00000000000037f4                protocol_pre_init
 .text.protocol_post_init
                0x000000000000380c        0x8 .build/obj_charles_4key_default/lufa.o
                0x000000000000380c                protocol_post_init
 .text.protocol_pre_task
                0x0000000000003814       0x34 .build/obj_charles_4key_default/lufa.o
                0x0000000000003814                protocol_pre_task
 .text.protocol_post_task
                0x0000000000003848       0x70 .build/obj_charles_4key_default/lufa.o
                0x0000000000003848                protocol_post_task
 .text.CALLBACK_USB_GetDescriptor
                0x00000000000038b8        0x4 .build/obj_charles_4key_default/lufa.o
                0x00000000000038b8                CALLBACK_USB_GetDescriptor
 .text.get_usb_descriptor
                0x00000000000038bc       0xae .build/obj_charles_4key_default/usb_descriptor.o
                0x00000000000038bc                get_usb_descriptor
 .text.USB_Device_SendRemoteWakeup
                0x000000000000396a       0x2c .build/obj_charles_4key_default/lib/lufa/LUFA/Drivers/USB/Core/AVR8/Device_AVR8.o
                0x000000000000396a                USB_Device_SendRemoteWakeup
 .text.Endpoint_Write_Stream_LE
                0x0000000000003996       0x9e .build/obj_charles_4key_default/lib/lufa/LUFA/Drivers/USB/Core/AVR8/EndpointStream_AVR8.o
                0x0000000000003996                Endpoint_Write_Stream_LE
 .text.Endpoint_Read_Stream_LE
                0x0000000000003a34       0x9e .build/obj_charles_4key_default/lib/lufa/LUFA/Drivers/USB/Core/AVR8/EndpointStream_AVR8.o
                0x0000000000003a34                Endpoint_Read_Stream_LE
 .text.Endpoint_Write_Control_Stream_LE
                0x0000000000003ad2       0xbc .build/obj_charles_4key_default/lib/lufa/LUFA/Drivers/USB/Core/AVR8/EndpointStream_AVR8.o
                0x0000000000003ad2                Endpoint_Write_Control_Stream_LE
 .text.Endpoint_Write_Control_PStream_LE
                0x0000000000003b8e       0xbe .build/obj_charles_4key_default/lib/lufa/LUFA/Drivers/USB/Core/AVR8/EndpointStream_AVR8.o
                0x0000000000003b8e                Endpoint_Write_Control_PStream_LE
 .text.Endpoint_ConfigureEndpoint_Prv
                0x0000000000003c4c       0x68 .build/obj_charles_4key_default/lib/lufa/LUFA/Drivers/USB/Core/AVR8/Endpoint_AVR8.o
                0x0000000000003c4c                Endpoint_ConfigureEndpoint_Prv
 .text.Endpoint_ClearStatusStage
                0x0000000000003cb4       0x3e .build/obj_charles_4key_default/lib/lufa/LUFA/Drivers/USB/Core/AVR8/Endpoint_AVR8.o
                0x0000000000003cb4                Endpoint_ClearStatusStage
 .text.Endpoint_WaitUntilReady
                0x0000000000003cf2       0x62 .build/obj_charles_4key_default/lib/lufa/LUFA/Drivers/USB/Core/AVR8/Endpoint_AVR8.o
                0x0000000000003cf2                Endpoint_WaitUntilReady
 .text.USB_Disable
                0x0000000000003d54       0x34 .build/obj_charles_4key_default/lib/lufa/LUFA/Drivers/USB/Core/AVR8/USBController_AVR8.o
                0x0000000000003d54                USB_Disable
 .text.USB_ResetInterface
                0x0000000000003d88       0x86 .build/obj_charles_4key_default/lib/lufa/LUFA/Drivers/USB/Core/AVR8/USBController_AVR8.o
                0x0000000000003d88                USB_ResetInterface
 .text.USB_Init
                0x0000000000003e0e       0x22 .build/obj_charles_4key_default/lib/lufa/LUFA/Drivers/USB/Core/AVR8/USBController_AVR8.o
                0x0000000000003e0e                USB_Init
 .text.USB_INT_DisableAllInterrupts
                0x0000000000003e30       0x10 .build/obj_charles_4key_default/lib/lufa/LUFA/Drivers/USB/Core/AVR8/USBInterrupt_AVR8.o
                0x0000000000003e30                USB_INT_DisableAllInterrupts
 .text.USB_INT_ClearAllInterrupts
                0x0000000000003e40        0xa .build/obj_charles_4key_default/lib/lufa/LUFA/Drivers/USB/Core/AVR8/USBInterrupt_AVR8.o
                0x0000000000003e40                USB_INT_ClearAllInterrupts
 .text.__vector_10
                0x0000000000003e4a      0x1a8 .build/obj_charles_4key_default/lib/lufa/LUFA/Drivers/USB/Core/AVR8/USBInterrupt_AVR8.o
                0x0000000000003e4a                __vector_10
 .text.__vector_11
                0x0000000000003ff2       0x88 .build/obj_charles_4key_default/lib/lufa/LUFA/Drivers/USB/Core/AVR8/USBInterrupt_AVR8.o
                0x0000000000003ff2                __vector_11
 .text.USB_Device_ProcessControlRequest
                0x000000000000407a      0x2a4 .build/obj_charles_4key_default/lib/lufa/LUFA/Drivers/USB/Core/DeviceStandardReq.o
                0x000000000000407a                USB_Device_ProcessControlRequest
 .text.USB_Event_Stub
                0x000000000000431e        0x2 .build/obj_charles_4key_default/lib/lufa/LUFA/Drivers/USB/Core/Events.o
                0x000000000000431e                EVENT_USB_Device_StartOfFrame
                0x000000000000431e                USB_Event_Stub
 .text.USB_USBTask
                0x0000000000004320       0x36 .build/obj_charles_4key_default/lib/lufa/LUFA/Drivers/USB/Core/USBTask.o
                0x0000000000004320                USB_USBTask
 .text.libgcc.div
                0x0000000000004356       0x28 d:/qmk_msys/mingw64/bin/../lib/gcc/avr/8.4.0/avr5\libgcc.a(_divmodhi4.o)
                0x0000000000004356                _div
                0x0000000000004356                __divmodhi4
 .text.libgcc   0x000000000000437e        0xc d:/qmk_msys/mingw64/bin/../lib/gcc/avr/8.4.0/avr5\libgcc.a(_tablejump2.o)
                0x000000000000437e                __tablejump2__
 .text.libgcc.builtins
                0x000000000000438a        0xe d:/qmk_msys/mingw64/bin/../lib/gcc/avr/8.4.0/avr5\libgcc.a(_bswapsi2.o)
                0x000000000000438a                __bswapsi2
 .text.libgcc.div
                0x0000000000004398       0x28 d:/qmk_msys/mingw64/bin/../lib/gcc/avr/8.4.0/avr5\libgcc.a(_udivmodhi4.o)
                0x0000000000004398                __udivmodhi4
 .text.avr-libc
                0x00000000000043c0       0x1a d:/qmk_msys/mingw64/bin/../lib/gcc/avr/8.4.0/../../../../avr/lib/avr5\libc.a(memcmp.o)
                0x00000000000043c0                memcmp
 .text.avr-libc
                0x00000000000043da       0x10 d:/qmk_msys/mingw64/bin/../lib/gcc/avr/8.4.0/../../../../avr/lib/avr5\libatmega32u4.a(eerd_byte.o)
                0x00000000000043da                eeprom_read_byte
 .text.avr-libc
                0x00000000000043ea        0xc d:/qmk_msys/mingw64/bin/../lib/gcc/avr/8.4.0/../../../../avr/lib/avr5\libatmega32u4.a(eerd_word.o)
                0x00000000000043ea                eeprom_read_word
 .text.avr-libc
                0x00000000000043f6       0x24 d:/qmk_msys/mingw64/bin/../lib/gcc/avr/8.4.0/../../../../avr/lib/avr5\libatmega32u4.a(eeupd_byte.o)
                0x00000000000043f6                eeprom_update_byte
                0x00000000000043f8                eeprom_update_r18
 .text.avr-libc
                0x000000000000441a       0x18 d:/qmk_msys/mingw64/bin/../lib/gcc/avr/8.4.0/../../../../avr/lib/avr5\libatmega32u4.a(eeupd_dword.o)
                0x000000000000441a                eeprom_update_float
                0x000000000000441a                eeprom_update_dword
 .text.avr-libc
                0x0000000000004432        0xc d:/qmk_msys/mingw64/bin/../lib/gcc/avr/8.4.0/../../../../avr/lib/avr5\libatmega32u4.a(eeupd_word.o)
                0x0000000000004432                eeprom_update_word
 .text.avr-libc
                0x000000000000443e       0x20 d:/qmk_msys/mingw64/bin/../lib/gcc/avr/8.4.0/../../../../avr/lib/avr5\libatmega32u4.a(eerd_block.o)
                0x000000000000443e                eeprom_read_block
                0x0000000000004442                eeprom_read_blraw
                0x000000000000445e                . = ALIGN (0x2)
 *(.fini9)
 .fini9         0x000000000000445e        0x0 d:/qmk_msys/mingw64/bin/../lib/gcc/avr/8.4.0/avr5\libgcc.a(_exit.o)
                0x000000000000445e                _exit
                0x000000000000445e                exit
 *(.fini9)
 *(.fini8)
 *(.fini8)
 *(.fini7)
 *(.fini7)
 *(.fini6)
 *(.fini6)
 *(.fini5)
 *(.fini5)
 *(.fini4)
 *(.fini4)
 *(.fini3)
 *(.fini3)
 *(.fini2)
 *(.fini2)
 *(.fini1)
 *(.fini1)
 *(.fini0)
 .fini0         0x000000000000445e        0x4 d:/qmk_msys/mingw64/bin/../lib/gcc/avr/8.4.0/avr5\libgcc.a(_exit.o)
 *(.fini0)
 *(.hightext)
 *(.hightext*)
 *(.progmemx.*)
                0x0000000000004462                . = ALIGN (0x2)
 *(.jumptables)
 *(.jumptables*)
 .jumptables.gcc.process_action
                0x0000000000004462       0x18 .build/obj_charles_4key_default/quantum/action.o
 .jumptables.gcc.raw_hid_receive
                0x000000000000447a       0x26 .build/obj_charles_4key_default/quantum/via.o
 .jumptables.gcc.USB_Device_ProcessControlRequest
                0x00000000000044a0       0x14 .build/obj_charles_4key_default/lib/lufa/LUFA/Drivers/USB/Core/DeviceStandardReq.o
                0x00000000000044b4                _etext = .

.data           0x0000000000800100       0x8c load address 0x00000000000044b4
                0x0000000000800100                PROVIDE (__data_start = .)
 *(.data)
 *(.data*)
 .data.g_tapping_term
                0x0000000000800100        0x2 .build/obj_charles_4key_default/quantum/action_tapping.o
                0x0000000000800100                g_tapping_term
 .data.keyboard_report
                0x0000000000800102        0x2 .build/obj_charles_4key_default/quantum/action_util.o
                0x0000000000800102                keyboard_report
 .data.mk_wheel_time_to_max
                0x0000000000800104        0x1 .build/obj_charles_4key_default/quantum/mousekey.o
                0x0000000000800104                mk_wheel_time_to_max
 .data.mk_wheel_max_speed
                0x0000000000800105        0x1 .build/obj_charles_4key_default/quantum/mousekey.o
                0x0000000000800105                mk_wheel_max_speed
 .data.mk_wheel_interval
                0x0000000000800106        0x1 .build/obj_charles_4key_default/quantum/mousekey.o
                0x0000000000800106                mk_wheel_interval
 .data.mk_wheel_delay
                0x0000000000800107        0x1 .build/obj_charles_4key_default/quantum/mousekey.o
                0x0000000000800107                mk_wheel_delay
 .data.mk_time_to_max
                0x0000000000800108        0x1 .build/obj_charles_4key_default/quantum/mousekey.o
                0x0000000000800108                mk_time_to_max
 .data.mk_max_speed
                0x0000000000800109        0x1 .build/obj_charles_4key_default/quantum/mousekey.o
                0x0000000000800109                mk_max_speed
 .data.mk_interval
                0x000000000080010a        0x1 .build/obj_charles_4key_default/quantum/mousekey.o
                0x000000000080010a                mk_interval
 .data.mk_delay
                0x000000000080010b        0x1 .build/obj_charles_4key_default/quantum/mousekey.o
                0x000000000080010b                mk_delay
 .data.lufa_driver
                0x000000000080010c        0xc .build/obj_charles_4key_default/lufa.o
                0x000000000080010c                lufa_driver
 .data.keyboard_protocol
                0x0000000000800118        0x1 .build/obj_charles_4key_default/lufa.o
                0x0000000000800118                keyboard_protocol
 *(.gnu.linkonce.d*)
 *(.rodata)
 *(.rodata*)
 .rodata.CSWTCH.12
                0x0000000000800119       0x2e .build/obj_charles_4key_default/quantum/action.o
 .rodata.CSWTCH.11
                0x0000000000800147        0x3 .build/obj_charles_4key_default/quantum/action.o
 .rodata.CSWTCH.1
                0x000000000080014a       0x2e .build/obj_charles_4key_default/quantum/keymap_common.o
 .rodata.CSWTCH.0
                0x0000000000800178        0x3 .build/obj_charles_4key_default/quantum/keymap_common.o
 .rodata.row_pins
                0x000000000080017b        0x2 .build/obj_charles_4key_default/quantum/matrix.o
 .rodata.CSWTCH.2
                0x000000000080017d        0x3 .build/obj_charles_4key_default/usb_descriptor.o
 .rodata.CSWTCH.1
                0x0000000000800180        0x6 .build/obj_charles_4key_default/usb_descriptor.o
 .rodata.CSWTCH.0
                0x0000000000800186        0x6 .build/obj_charles_4key_default/usb_descriptor.o
 *(.gnu.linkonce.r*)
                0x000000000080018c                . = ALIGN (0x2)
                0x000000000080018c                _edata = .
                0x000000000080018c                PROVIDE (__data_end = .)

.bss            0x000000000080018c       0xa0
                0x000000000080018c                PROVIDE (__bss_start = .)
 *(.bss)
 .bss           0x000000000080018c        0x2 .build/obj_charles_4key_default/platforms/avr/xprintf.o
                0x000000000080018c                xfunc_out
 *(.bss*)
 .bss.last_led_status.2221
                0x000000000080018e        0x1 .build/obj_charles_4key_default/quantum/led.o
 .bss.disable_action_cache
                0x000000000080018f        0x1 .build/obj_charles_4key_default/quantum/action.o
                0x000000000080018f                disable_action_cache
 .bss.source_layers_cache
                0x0000000000800190        0x3 .build/obj_charles_4key_default/quantum/action_layer.o
                0x0000000000800190                source_layers_cache
 .bss.layer_state
                0x0000000000800193        0x1 .build/obj_charles_4key_default/quantum/action_layer.o
                0x0000000000800193                layer_state
 .bss.default_layer_state
                0x0000000000800194        0x1 .build/obj_charles_4key_default/quantum/action_layer.o
                0x0000000000800194                default_layer_state
 .bss.waiting_buffer_tail
                0x0000000000800195        0x1 .build/obj_charles_4key_default/quantum/action_tapping.o
 .bss.waiting_buffer_head
                0x0000000000800196        0x1 .build/obj_charles_4key_default/quantum/action_tapping.o
 .bss.waiting_buffer
                0x0000000000800197       0x30 .build/obj_charles_4key_default/quantum/action_tapping.o
 .bss.tapping_key
                0x00000000008001c7        0x6 .build/obj_charles_4key_default/quantum/action_tapping.o
 .bss.last_report.2851
                0x00000000008001cd        0x8 .build/obj_charles_4key_default/quantum/action_util.o
 .bss.oneshot_layer_data
                0x00000000008001d5        0x1 .build/obj_charles_4key_default/quantum/action_util.o
 .bss.oneshot_mods
                0x00000000008001d6        0x1 .build/obj_charles_4key_default/quantum/action_util.o
 .bss.__compound_literal.0
                0x00000000008001d7        0x8 .build/obj_charles_4key_default/quantum/action_util.o
 .bss.weak_mods
                0x00000000008001df        0x1 .build/obj_charles_4key_default/quantum/action_util.o
 .bss.real_mods
                0x00000000008001e0        0x1 .build/obj_charles_4key_default/quantum/action_util.o
 .bss.matrix_prev.3951
                0x00000000008001e1        0x2 .build/obj_charles_4key_default/quantum/keyboard.o
 .bss.last_matrix_modification_time
                0x00000000008001e3        0x4 .build/obj_charles_4key_default/quantum/keyboard.o
 .bss.last_input_modification_time
                0x00000000008001e7        0x4 .build/obj_charles_4key_default/quantum/keyboard.o
 .bss.debug_config
                0x00000000008001eb        0x1 .build/obj_charles_4key_default/quantum/logging/debug.o
                0x00000000008001eb                debug_config
 .bss.debouncing_time
                0x00000000008001ec        0x2 .build/obj_charles_4key_default/quantum/debounce/sym_defer_g.o
 .bss.debouncing
                0x00000000008001ee        0x1 .build/obj_charles_4key_default/quantum/debounce/sym_defer_g.o
 .bss.last_timer_w
                0x00000000008001ef        0x2 .build/obj_charles_4key_default/quantum/mousekey.o
 .bss.last_timer_c
                0x00000000008001f1        0x2 .build/obj_charles_4key_default/quantum/mousekey.o
 .bss.mousekey_wheel_repeat
                0x00000000008001f3        0x1 .build/obj_charles_4key_default/quantum/mousekey.o
 .bss.mousekey_repeat
                0x00000000008001f4        0x1 .build/obj_charles_4key_default/quantum/mousekey.o
 .bss.mousekey_accel
                0x00000000008001f5        0x1 .build/obj_charles_4key_default/quantum/mousekey.o
 .bss.mouse_report
                0x00000000008001f6        0x6 .build/obj_charles_4key_default/quantum/mousekey.o
 .bss.grave_esc_was_shifted
                0x00000000008001fc        0x1 .build/obj_charles_4key_default/quantum/process_keycode/process_grave_esc.o
 .bss.sc_timer  0x00000000008001fd        0x2 .build/obj_charles_4key_default/quantum/process_keycode/process_space_cadet.o
 .bss.sc_last   0x00000000008001ff        0x1 .build/obj_charles_4key_default/quantum/process_keycode/process_space_cadet.o
 .bss.last_consumer_report
                0x0000000000800200        0x2 .build/obj_charles_4key_default/protocol/host.o
 .bss.last_system_report
                0x0000000000800202        0x2 .build/obj_charles_4key_default/protocol/host.o
 .bss.driver    0x0000000000800204        0x2 .build/obj_charles_4key_default/protocol/host.o
 .bss.usb_device_state
                0x0000000000800206        0x1 .build/obj_charles_4key_default/protocol/usb_device_state.o
                0x0000000000800206                usb_device_state
 .bss.wdt_timeout
                0x0000000000800207        0x1 .build/obj_charles_4key_default/platforms/avr/suspend.o
 .bss.r.6530    0x0000000000800208        0x3 .build/obj_charles_4key_default/lufa.o
 .bss.keyboard_report_sent
                0x000000000080020b        0x8 .build/obj_charles_4key_default/lufa.o
 .bss.keyboard_led_state
                0x0000000000800213        0x1 .build/obj_charles_4key_default/lufa.o
 .bss.keyboard_idle
                0x0000000000800214        0x1 .build/obj_charles_4key_default/lufa.o
                0x0000000000800214                keyboard_idle
 *(COMMON)
 COMMON         0x0000000000800215        0x2 .build/obj_charles_4key_default/quantum/bootmagic/magic.o
                0x0000000000800215                keymap_config
 COMMON         0x0000000000800217        0x4 .build/obj_charles_4key_default/quantum/matrix_common.o
                0x0000000000800217                raw_matrix
                0x0000000000800219                matrix
 COMMON         0x000000000080021b        0x4 .build/obj_charles_4key_default/platforms/avr/timer.o
                0x000000000080021b                timer_count
 COMMON         0x000000000080021f        0x3 .build/obj_charles_4key_default/lib/lufa/LUFA/Drivers/USB/Core/DeviceStandardReq.o
                0x000000000080021f                USB_Device_ConfigurationNumber
                0x0000000000800220                USB_Device_CurrentlySelfPowered
                0x0000000000800221                USB_Device_RemoteWakeupEnabled
 COMMON         0x0000000000800222        0xa .build/obj_charles_4key_default/lib/lufa/LUFA/Drivers/USB/Core/USBTask.o
                0x0000000000800222                USB_IsInitialized
                0x0000000000800223                USB_DeviceState
                0x0000000000800224                USB_ControlRequest
                0x000000000080022c                PROVIDE (__bss_end = .)
                0x00000000000044b4                __data_load_start = LOADADDR (.data)
                0x0000000000004540                __data_load_end = (__data_load_start + SIZEOF (.data))

.noinit         0x000000000080022c        0x4
                [!provide]                        PROVIDE (__noinit_start = .)
 *(.noinit*)
 .noinit        0x000000000080022c        0x4 .build/obj_charles_4key_default/platforms/avr/bootloaders/dfu.o
                0x000000000080022c                reset_key
                [!provide]                        PROVIDE (__noinit_end = .)
                0x0000000000800230                _end = .
                [!provide]                        PROVIDE (__heap_start = .)

.eeprom         0x0000000000810000        0x0
 *(.eeprom*)
                0x0000000000810000                __eeprom_end = .

.fuse
 *(.fuse)
 *(.lfuse)
 *(.hfuse)
 *(.efuse)

.lock
 *(.lock*)

.signature
 *(.signature*)

.stab
 *(.stab)

.stabstr
 *(.stabstr)

.stab.excl
 *(.stab.excl)

.stab.exclstr
 *(.stab.exclstr)

.stab.index
 *(.stab.index)

.stab.indexstr
 *(.stab.indexstr)

.comment        0x0000000000000000       0x11
 *(.comment)
 .comment       0x0000000000000000       0x11 .build/obj_charles_4key_default/keyboards/charles_4key/keymaps/default/keymap.o
                                         0x12 (size before relaxing)
 .comment       0x0000000000000011       0x12 .build/obj_charles_4key_default/quantum/quantum.o
 .comment       0x0000000000000011       0x12 .build/obj_charles_4key_default/quantum/send_string.o
 .comment       0x0000000000000011       0x12 .build/obj_charles_4key_default/quantum/led.o
 .comment       0x0000000000000011       0x12 .build/obj_charles_4key_default/quantum/action.o
 .comment       0x0000000000000011       0x12 .build/obj_charles_4key_default/quantum/action_layer.o
 .comment       0x0000000000000011       0x12 .build/obj_charles_4key_default/quantum/action_tapping.o
 .comment       0x0000000000000011       0x12 .build/obj_charles_4key_default/quantum/action_util.o
 .comment       0x0000000000000011       0x12 .build/obj_charles_4key_default/quantum/eeconfig.o
 .comment       0x0000000000000011       0x12 .build/obj_charles_4key_default/quantum/keyboard.o
 .comment       0x0000000000000011       0x12 .build/obj_charles_4key_default/quantum/keymap_common.o
 .comment       0x0000000000000011       0x12 .build/obj_charles_4key_default/quantum/keycode_config.o
 .comment       0x0000000000000011       0x12 .build/obj_charles_4key_default/quantum/logging/debug.o
 .comment       0x0000000000000011       0x12 .build/obj_charles_4key_default/quantum/logging/sendchar.o
 .comment       0x0000000000000011       0x12 .build/obj_charles_4key_default/quantum/bootmagic/bootmagic_lite.o
 .comment       0x0000000000000011       0x12 .build/obj_charles_4key_default/quantum/bootmagic/magic.o
 .comment       0x0000000000000011       0x12 .build/obj_charles_4key_default/quantum/matrix_common.o
 .comment       0x0000000000000011       0x12 .build/obj_charles_4key_default/quantum/matrix.o
 .comment       0x0000000000000011       0x12 .build/obj_charles_4key_default/quantum/debounce/sym_defer_g.o
 .comment       0x0000000000000011       0x12 .build/obj_charles_4key_default/quantum/main.o
 .comment       0x0000000000000011       0x12 .build/obj_charles_4key_default/quantum/mousekey.o
 .comment       0x0000000000000011       0x12 .build/obj_charles_4key_default/quantum/via.o
 .comment       0x0000000000000011       0x12 .build/obj_charles_4key_default/quantum/process_keycode/process_magic.o
 .comment       0x0000000000000011       0x12 .build/obj_charles_4key_default/quantum/dynamic_keymap.o
 .comment       0x0000000000000011       0x12 .build/obj_charles_4key_default/quantum/process_keycode/process_grave_esc.o
 .comment       0x0000000000000011       0x12 .build/obj_charles_4key_default/quantum/process_keycode/process_space_cadet.o
 .comment       0x0000000000000011       0x12 .build/obj_charles_4key_default/platforms/avr/printf.o
 .comment       0x0000000000000011       0x12 .build/obj_charles_4key_default/protocol/host.o
 .comment       0x0000000000000011       0x12 .build/obj_charles_4key_default/protocol/report.o
 .comment       0x0000000000000011       0x12 .build/obj_charles_4key_default/protocol/usb_device_state.o
 .comment       0x0000000000000011       0x12 .build/obj_charles_4key_default/platforms/suspend.o
 .comment       0x0000000000000011       0x12 .build/obj_charles_4key_default/platforms/avr/platform.o
 .comment       0x0000000000000011       0x12 .build/obj_charles_4key_default/platforms/avr/suspend.o
 .comment       0x0000000000000011       0x12 .build/obj_charles_4key_default/platforms/avr/timer.o
 .comment       0x0000000000000011       0x12 .build/obj_charles_4key_default/platforms/avr/bootloaders/dfu.o
 .comment       0x0000000000000011       0x12 .build/obj_charles_4key_default/lufa.o
 .comment       0x0000000000000011       0x12 .build/obj_charles_4key_default/usb_descriptor.o
 .comment       0x0000000000000011       0x12 .build/obj_charles_4key_default/lib/lufa/LUFA/Drivers/USB/Core/AVR8/Device_AVR8.o
 .comment       0x0000000000000011       0x12 .build/obj_charles_4key_default/lib/lufa/LUFA/Drivers/USB/Core/AVR8/EndpointStream_AVR8.o
 .comment       0x0000000000000011       0x12 .build/obj_charles_4key_default/lib/lufa/LUFA/Drivers/USB/Core/AVR8/Endpoint_AVR8.o
 .comment       0x0000000000000011       0x12 .build/obj_charles_4key_default/lib/lufa/LUFA/Drivers/USB/Core/AVR8/USBController_AVR8.o
 .comment       0x0000000000000011       0x12 .build/obj_charles_4key_default/lib/lufa/LUFA/Drivers/USB/Core/AVR8/USBInterrupt_AVR8.o
 .comment       0x0000000000000011       0x12 .build/obj_charles_4key_default/lib/lufa/LUFA/Drivers/USB/Core/DeviceStandardReq.o
 .comment       0x0000000000000011       0x12 .build/obj_charles_4key_default/lib/lufa/LUFA/Drivers/USB/Core/Events.o
 .comment       0x0000000000000011       0x12 .build/obj_charles_4key_default/lib/lufa/LUFA/Drivers/USB/Core/USBTask.o

.note.gnu.avr.deviceinfo
                0x0000000000000000       0x40
 .note.gnu.avr.deviceinfo
                0x0000000000000000       0x40 d:/qmk_msys/mingw64/bin/../lib/gcc/avr/8.4.0/../../../../avr/lib/avr5/crtatmega32u4.o

.note.gnu.build-id
 *(.note.gnu.build-id)

.debug
 *(.debug)

.line
 *(.line)

.debug_srcinfo
 *(.debug_srcinfo)

.debug_sfnames
 *(.debug_sfnames)

.debug_aranges  0x0000000000000000      0xfc8
 *(.debug_aranges)
 .debug_aranges
                0x0000000000000000       0x18 .build/obj_charles_4key_default/keyboards/charles_4key/keymaps/default/keymap.o
 .debug_aranges
                0x0000000000000018       0xf0 .build/obj_charles_4key_default/quantum/quantum.o
 .debug_aranges
                0x0000000000000108       0x68 .build/obj_charles_4key_default/quantum/send_string.o
 .debug_aranges
                0x0000000000000170       0x60 .build/obj_charles_4key_default/quantum/led.o
 .debug_aranges
                0x00000000000001d0       0xe0 .build/obj_charles_4key_default/quantum/action.o
 .debug_aranges
                0x00000000000002b0       0xe0 .build/obj_charles_4key_default/quantum/action_layer.o
 .debug_aranges
                0x0000000000000390       0x48 .build/obj_charles_4key_default/quantum/action_tapping.o
 .debug_aranges
                0x00000000000003d8      0x150 .build/obj_charles_4key_default/quantum/action_util.o
 .debug_aranges
                0x0000000000000528       0xd8 .build/obj_charles_4key_default/quantum/eeconfig.o
 .debug_aranges
                0x0000000000000600       0xc8 .build/obj_charles_4key_default/quantum/keyboard.o
 .debug_aranges
                0x00000000000006c8       0x30 .build/obj_charles_4key_default/quantum/keymap_common.o
 .debug_aranges
                0x00000000000006f8       0x28 .build/obj_charles_4key_default/quantum/keycode_config.o
 .debug_aranges
                0x0000000000000720       0x18 .build/obj_charles_4key_default/quantum/logging/debug.o
 .debug_aranges
                0x0000000000000738       0x20 .build/obj_charles_4key_default/quantum/logging/sendchar.o
 .debug_aranges
                0x0000000000000758       0x30 .build/obj_charles_4key_default/quantum/bootmagic/bootmagic_lite.o
 .debug_aranges
                0x0000000000000788       0x28 .build/obj_charles_4key_default/quantum/bootmagic/magic.o
 .debug_aranges
                0x00000000000007b0       0x90 .build/obj_charles_4key_default/quantum/matrix_common.o
 .debug_aranges
                0x0000000000000840       0x40 .build/obj_charles_4key_default/quantum/matrix.o
 .debug_aranges
                0x0000000000000880       0x30 .build/obj_charles_4key_default/quantum/debounce/sym_defer_g.o
 .debug_aranges
                0x00000000000008b0       0x30 .build/obj_charles_4key_default/quantum/main.o
 .debug_aranges
                0x00000000000008e0       0x58 .build/obj_charles_4key_default/quantum/mousekey.o
 .debug_aranges
                0x0000000000000938       0x70 .build/obj_charles_4key_default/quantum/via.o
 .debug_aranges
                0x00000000000009a8       0x20 .build/obj_charles_4key_default/quantum/process_keycode/process_magic.o
 .debug_aranges
                0x00000000000009c8       0x88 .build/obj_charles_4key_default/quantum/dynamic_keymap.o
 .debug_aranges
                0x0000000000000a50       0x20 .build/obj_charles_4key_default/quantum/process_keycode/process_grave_esc.o
 .debug_aranges
                0x0000000000000a70       0x28 .build/obj_charles_4key_default/quantum/process_keycode/process_space_cadet.o
 .debug_aranges
                0x0000000000000a98       0x20 .build/obj_charles_4key_default/platforms/avr/printf.o
 .debug_aranges
                0x0000000000000ab8       0x88 .build/obj_charles_4key_default/protocol/host.o
 .debug_aranges
                0x0000000000000b40       0x58 .build/obj_charles_4key_default/protocol/report.o
 .debug_aranges
                0x0000000000000b98       0x40 .build/obj_charles_4key_default/protocol/usb_device_state.o
 .debug_aranges
                0x0000000000000bd8       0x38 .build/obj_charles_4key_default/platforms/suspend.o
 .debug_aranges
                0x0000000000000c10       0x20 .build/obj_charles_4key_default/platforms/avr/platform.o
 .debug_aranges
                0x0000000000000c30       0x30 .build/obj_charles_4key_default/platforms/avr/suspend.o
 .debug_aranges
                0x0000000000000c60       0x50 .build/obj_charles_4key_default/platforms/avr/timer.o
 .debug_aranges
                0x0000000000000cb0       0x28 .build/obj_charles_4key_default/platforms/avr/bootloaders/dfu.o
 .debug_aranges
                0x0000000000000cd8       0xd0 .build/obj_charles_4key_default/lufa.o
 .debug_aranges
                0x0000000000000da8       0x20 .build/obj_charles_4key_default/usb_descriptor.o
 .debug_aranges
                0x0000000000000dc8       0x20 .build/obj_charles_4key_default/lib/lufa/LUFA/Drivers/USB/Core/AVR8/Device_AVR8.o
 .debug_aranges
                0x0000000000000de8       0xc8 .build/obj_charles_4key_default/lib/lufa/LUFA/Drivers/USB/Core/AVR8/EndpointStream_AVR8.o
 .debug_aranges
                0x0000000000000eb0       0x40 .build/obj_charles_4key_default/lib/lufa/LUFA/Drivers/USB/Core/AVR8/Endpoint_AVR8.o
 .debug_aranges